// Jest Snapshot v1, https://goo.gl/fbAQLP

exports[`<BarChart /> deve renderizar corretamente os dados 1`] = `
<div>
  <div
    class="sc-bdnylx dwNzoh"
  >
    <div
      class="sc-gtssRu hTavSR"
    >
      <span
        class="sc-hKFyIo bbRtwB"
      >
        67
        %
      </span>
      <div
        class="sc-dlnjPT jDdvvi"
        color="#000000"
      />
    </div>
    <div
      class="sc-gtssRu gtsAUY"
    >
      <span
        class="sc-hKFyIo bbRtwB"
      >
        33
        %
      </span>
      <div
        class="sc-dlnjPT bkXddq"
        color="#ffffff"
      />
    </div>
  </div>
</div>
`;
